C:\devei>mkdir test

C:\devei>cd test

C:\devei\test>jps
9456 jboss-modules.jar
4296 org.eclipse.equinox.launcher_1.3.100.v20150511-1540.jar
10312 Jps

C:\devei\test>jmap -dump:format=b,file=dump.bin 9456
Dumping heap to C:\devei\test\dump.bin ...
Heap dump file created

C:\devei\test>ls
dump.bin

C:\devei\test>jhat dump.bin
Reading from dump.bin...
Dump file created Thu Feb 18 09:41:12 GMT 2016
Exception in thread "main" java.lang.OutOfMemoryError: Java heap space
        at java.util.Hashtable.put(Hashtable.java:420)
        at com.sun.tools.hat.internal.model.Snapshot.addHeapObject(Snapshot.java:153)
        at com.sun.tools.hat.internal.parser.HprofReader.readInstance(HprofReader.java:728)
        at com.sun.tools.hat.internal.parser.HprofReader.readHeapDump(HprofReader.java:474)
        at com.sun.tools.hat.internal.parser.HprofReader.read(HprofReader.java:226)
        at com.sun.tools.hat.internal.parser.Reader.readFile(Reader.java:79)
        at com.sun.tools.hat.Main.main(Main.java:143)

C:\devei\test>jhat -J-Xmx1024m dump.bin
Reading from dump.bin...
Dump file created Thu Feb 18 09:41:12 GMT 2016
Snapshot read, resolving...
Resolving 8375563 objects...
Chasing references, expect 1675 dots.......................
...........................................................
...........................................................
...........................................................
...........................................................
...........................................................
...........................................................
Eliminating duplicate references...........................
...........................................................
...........................................................
...........................................................
...........................................................
...........................................................
...........................................................
Snapshot resolved.
Started HTTP server on port 7000
Server is ready.

C:\devei\test>jstack -l 9456 > jstack.out

C:\devei\test>jps
9456 jboss-modules.jar
4296 org.eclipse.equinox.launcher_1.3.100.v20150511-1540.jar
12504 GradleDaemon
13296 Jps

C:\devei\test>jstack 9456 >> jstack.tdump

